// Jest Snapshot v1, https://goo.gl/fbAQLP

exports[`<Home> renders correctly 1`] = `
<div
  className="home-container"
>
  <div
    className="home"
  >
    <Form
      isCard={true}
      sections={
        Array [
          Object {
            "header": "You are not signed in",
            "items": Array [
              Object {
                "description": "Create an account if you don't already have one.",
                "title": "Create an account",
                "to": "/signup",
                "type": "link",
                "value": "Sign up",
              },
              Object {
                "description": "Log in to an existing account.",
                "title": "Log in",
                "to": "/login",
                "type": "link",
                "value": "Log in",
              },
            ],
          },
        ]
      }
      submit={
        Object {
          "onSubmit": [Function],
        }
      }
    />
    <Form
      isCard={true}
      sections={
        Array [
          Object {
            "header": "Create or join a room",
            "items": Array [
              Object {
                "description": "Create a room with the settings you want.",
                "title": "Create a room",
                "to": "/create",
                "type": "link",
                "value": "Create",
              },
              Object {
                "description": "Join an existing room using a room code.",
                "title": "Join a room",
                "to": "/join",
                "type": "link",
                "value": "Join",
              },
            ],
          },
        ]
      }
      submit={
        Object {
          "onSubmit": [Function],
        }
      }
    />
  </div>
</div>
`;
