// Jest Snapshot v1, https://goo.gl/fbAQLP

exports[`<Sidebar> renders correctly 1`] = `
<div
  className="Sidebar"
>
  <SidebarLink
    Icon={[Function]}
    exact={true}
    name="Home"
    to="/"
  />
  <SidebarLink
    Icon={[Function]}
    name="Canvas"
    to="/canvas"
  />
  <SidebarLink
    Icon={[Function]}
    name="Dice"
    to="/dice"
  />
  <SidebarLink
    Icon={[Function]}
    name="Settings"
    to="/settings"
  />
</div>
`;
