// Jest Snapshot v1, https://goo.gl/fbAQLP

exports[`<View> renders correctly 1`] = `
<div
  className="content"
>
  <div
    className="content__header"
  >
    <div
      className="content__header__info"
    >
      <h1
        className="content__header__title"
      >
        Test title
      </h1>
      <p
        className="content__header__description"
      >
        Test description
      </p>
    </div>
    <Link
      className="link"
      to="/login"
    >
      Log in
    </Link>
  </div>
  <div
    className="content__body"
  />
</div>
`;
